[0.157s] DEBUG:colcon:Command line arguments: ['/usr/bin/colcon', 'build', '--packages-select', 'kuka_moveit2_spike', '--symlink-install']
[0.157s] DEBUG:colcon:Parsed command line arguments: Namespace(log_base=None, log_level=None, verb_name='build', build_base='build', install_base='install', merge_install=False, symlink_install=True, test_result_base=None, continue_on_error=False, executor='parallel', parallel_workers=12, event_handlers=None, ignore_user_meta=False, metas=['./colcon.meta'], base_paths=['.'], packages_ignore=None, packages_ignore_regex=None, paths=None, packages_up_to=None, packages_up_to_regex=None, packages_above=None, packages_above_and_dependencies=None, packages_above_depth=None, packages_select_by_dep=None, packages_skip_by_dep=None, packages_skip_up_to=None, packages_select_build_failed=False, packages_skip_build_finished=False, packages_select_test_failures=False, packages_skip_test_passed=False, packages_select=['kuka_moveit2_spike'], packages_skip=None, packages_select_regex=None, packages_skip_regex=None, packages_start=None, packages_end=None, allow_overriding=[], cmake_args=None, cmake_target=None, cmake_target_skip_unavailable=False, cmake_clean_cache=False, cmake_clean_first=False, cmake_force_configure=False, ament_cmake_args=None, catkin_cmake_args=None, catkin_skip_building_tests=False, verb_parser=<colcon_defaults.argument_parser.defaults.DefaultArgumentsDecorator object at 0x71c42d1944c0>, verb_extension=<colcon_core.verb.build.BuildVerb object at 0x71c42d18bfa0>, main=<bound method BuildVerb.main of <colcon_core.verb.build.BuildVerb object at 0x71c42d18bfa0>>)
[0.214s] Level 1:colcon.colcon_core.package_discovery:discover_packages(colcon_meta) check parameters
[0.215s] Level 1:colcon.colcon_core.package_discovery:discover_packages(recursive) check parameters
[0.215s] Level 1:colcon.colcon_core.package_discovery:discover_packages(ignore) check parameters
[0.215s] Level 1:colcon.colcon_core.package_discovery:discover_packages(path) check parameters
[0.215s] Level 1:colcon.colcon_core.package_discovery:discover_packages(colcon_meta) discover
[0.215s] Level 1:colcon.colcon_core.package_discovery:discover_packages(recursive) discover
[0.215s] INFO:colcon.colcon_core.package_discovery:Crawling recursively for packages in '/home/stefano/ros2_ws/src/kuka_moveit2_spike'
[0.215s] Level 1:colcon.colcon_core.package_identification:_identify(.) by extensions ['ignore', 'ignore_ament_install']
[0.215s] Level 1:colcon.colcon_core.package_identification:_identify(.) by extension 'ignore'
[0.215s] Level 1:colcon.colcon_core.package_identification:_identify(.) by extension 'ignore_ament_install'
[0.215s] Level 1:colcon.colcon_core.package_identification:_identify(.) by extensions ['colcon_pkg']
[0.215s] Level 1:colcon.colcon_core.package_identification:_identify(.) by extension 'colcon_pkg'
[0.215s] Level 1:colcon.colcon_core.package_identification:_identify(.) by extensions ['colcon_meta']
[0.215s] Level 1:colcon.colcon_core.package_identification:_identify(.) by extension 'colcon_meta'
[0.215s] Level 1:colcon.colcon_core.package_identification:_identify(.) by extensions ['ros']
[0.215s] Level 1:colcon.colcon_core.package_identification:_identify(.) by extension 'ros'
[0.251s] DEBUG:colcon.colcon_core.package_identification:Package '.' with type 'ros.ament_cmake' and name 'kuka_moveit2_spike'
[0.252s] Level 1:colcon.colcon_core.package_discovery:discover_packages(recursive) using defaults
[0.252s] Level 1:colcon.colcon_core.package_discovery:discover_packages(ignore) discover
[0.252s] Level 1:colcon.colcon_core.package_discovery:discover_packages(ignore) using defaults
[0.252s] Level 1:colcon.colcon_core.package_discovery:discover_packages(path) discover
[0.252s] Level 1:colcon.colcon_core.package_discovery:discover_packages(path) using defaults
[0.285s] Level 1:colcon.colcon_core.package_discovery:discover_packages(prefix_path) check parameters
[0.285s] Level 1:colcon.colcon_core.package_discovery:discover_packages(prefix_path) discover
[0.287s] DEBUG:colcon.colcon_installed_package_information.package_discovery:Found 1 installed packages in /home/stefano/ros2_ws/install
[0.288s] DEBUG:colcon.colcon_installed_package_information.package_discovery:Found 333 installed packages in /opt/ros/humble
[0.293s] Level 1:colcon.colcon_core.package_discovery:discover_packages(prefix_path) using defaults
[0.370s] Level 5:colcon.colcon_core.verb:set package 'kuka_moveit2_spike' build argument 'cmake_args' from command line to 'None'
[0.370s] Level 5:colcon.colcon_core.verb:set package 'kuka_moveit2_spike' build argument 'cmake_target' from command line to 'None'
[0.370s] Level 5:colcon.colcon_core.verb:set package 'kuka_moveit2_spike' build argument 'cmake_target_skip_unavailable' from command line to 'False'
[0.370s] Level 5:colcon.colcon_core.verb:set package 'kuka_moveit2_spike' build argument 'cmake_clean_cache' from command line to 'False'
[0.370s] Level 5:colcon.colcon_core.verb:set package 'kuka_moveit2_spike' build argument 'cmake_clean_first' from command line to 'False'
[0.370s] Level 5:colcon.colcon_core.verb:set package 'kuka_moveit2_spike' build argument 'cmake_force_configure' from command line to 'False'
[0.371s] Level 5:colcon.colcon_core.verb:set package 'kuka_moveit2_spike' build argument 'ament_cmake_args' from command line to 'None'
[0.371s] Level 5:colcon.colcon_core.verb:set package 'kuka_moveit2_spike' build argument 'catkin_cmake_args' from command line to 'None'
[0.371s] Level 5:colcon.colcon_core.verb:set package 'kuka_moveit2_spike' build argument 'catkin_skip_building_tests' from command line to 'False'
[0.371s] DEBUG:colcon.colcon_core.verb:Building package 'kuka_moveit2_spike' with the following arguments: {'ament_cmake_args': None, 'build_base': '/home/stefano/ros2_ws/src/kuka_moveit2_spike/build/kuka_moveit2_spike', 'catkin_cmake_args': None, 'catkin_skip_building_tests': False, 'cmake_args': None, 'cmake_clean_cache': False, 'cmake_clean_first': False, 'cmake_force_configure': False, 'cmake_target': None, 'cmake_target_skip_unavailable': False, 'install_base': '/home/stefano/ros2_ws/src/kuka_moveit2_spike/install/kuka_moveit2_spike', 'merge_install': False, 'path': '/home/stefano/ros2_ws/src/kuka_moveit2_spike', 'symlink_install': True, 'test_result_base': None}
[0.371s] INFO:colcon.colcon_core.executor:Executing jobs using 'parallel' executor
[0.372s] DEBUG:colcon.colcon_parallel_executor.executor.parallel:run_until_complete
[0.372s] INFO:colcon.colcon_ros.task.ament_cmake.build:Building ROS package in '/home/stefano/ros2_ws/src/kuka_moveit2_spike' with build type 'ament_cmake'
[0.373s] INFO:colcon.colcon_cmake.task.cmake.build:Building CMake package in '/home/stefano/ros2_ws/src/kuka_moveit2_spike'
[0.375s] INFO:colcon.colcon_core.plugin_system:Skipping extension 'colcon_core.shell.bat': Not used on non-Windows systems
[0.375s] INFO:colcon.colcon_core.shell:Skip shell extension 'powershell' for command environment: Not usable outside of PowerShell
[0.375s] DEBUG:colcon.colcon_core.shell:Skip shell extension 'dsv' for command environment
[0.383s] DEBUG:colcon.colcon_core.event_handler.log_command:Invoking command in '/home/stefano/ros2_ws/src/kuka_moveit2_spike/build/kuka_moveit2_spike': CMAKE_PREFIX_PATH=${CMAKE_PREFIX_PATH}:/opt/ros/humble /usr/bin/cmake /home/stefano/ros2_ws/src/kuka_moveit2_spike -DAMENT_CMAKE_SYMLINK_INSTALL=1 -DCMAKE_INSTALL_PREFIX=/home/stefano/ros2_ws/src/kuka_moveit2_spike/install/kuka_moveit2_spike
[1.602s] DEBUG:colcon.colcon_core.event_handler.log_command:Invoked command in '/home/stefano/ros2_ws/src/kuka_moveit2_spike/build/kuka_moveit2_spike' returned '0': CMAKE_PREFIX_PATH=${CMAKE_PREFIX_PATH}:/opt/ros/humble /usr/bin/cmake /home/stefano/ros2_ws/src/kuka_moveit2_spike -DAMENT_CMAKE_SYMLINK_INSTALL=1 -DCMAKE_INSTALL_PREFIX=/home/stefano/ros2_ws/src/kuka_moveit2_spike/install/kuka_moveit2_spike
[1.604s] DEBUG:colcon.colcon_core.event_handler.log_command:Invoking command in '/home/stefano/ros2_ws/src/kuka_moveit2_spike/build/kuka_moveit2_spike': CMAKE_PREFIX_PATH=${CMAKE_PREFIX_PATH}:/opt/ros/humble /usr/bin/cmake --build /home/stefano/ros2_ws/src/kuka_moveit2_spike/build/kuka_moveit2_spike -- -j12 -l12
[1.662s] DEBUG:colcon.colcon_core.event_handler.log_command:Invoked command in '/home/stefano/ros2_ws/src/kuka_moveit2_spike/build/kuka_moveit2_spike' returned '0': CMAKE_PREFIX_PATH=${CMAKE_PREFIX_PATH}:/opt/ros/humble /usr/bin/cmake --build /home/stefano/ros2_ws/src/kuka_moveit2_spike/build/kuka_moveit2_spike -- -j12 -l12
[1.675s] DEBUG:colcon.colcon_core.event_handler.log_command:Invoking command in '/home/stefano/ros2_ws/src/kuka_moveit2_spike/build/kuka_moveit2_spike': CMAKE_PREFIX_PATH=${CMAKE_PREFIX_PATH}:/opt/ros/humble /usr/bin/cmake --install /home/stefano/ros2_ws/src/kuka_moveit2_spike/build/kuka_moveit2_spike
[2.070s] Level 1:colcon.colcon_core.environment:create_environment_scripts_only(kuka_moveit2_spike)
[2.071s] DEBUG:colcon.colcon_core.event_handler.log_command:Invoked command in '/home/stefano/ros2_ws/src/kuka_moveit2_spike/build/kuka_moveit2_spike' returned '0': CMAKE_PREFIX_PATH=${CMAKE_PREFIX_PATH}:/opt/ros/humble /usr/bin/cmake --install /home/stefano/ros2_ws/src/kuka_moveit2_spike/build/kuka_moveit2_spike
[2.073s] Level 1:colcon.colcon_core.environment:checking '/home/stefano/ros2_ws/src/kuka_moveit2_spike/install/kuka_moveit2_spike' for CMake module files
[2.073s] Level 1:colcon.colcon_core.environment:checking '/home/stefano/ros2_ws/src/kuka_moveit2_spike/install/kuka_moveit2_spike' for CMake config files
[2.074s] Level 1:colcon.colcon_core.shell:create_environment_hook('kuka_moveit2_spike', 'cmake_prefix_path')
[2.074s] INFO:colcon.colcon_core.shell:Creating environment hook '/home/stefano/ros2_ws/src/kuka_moveit2_spike/install/kuka_moveit2_spike/share/kuka_moveit2_spike/hook/cmake_prefix_path.ps1'
[2.074s] INFO:colcon.colcon_core.shell:Creating environment descriptor '/home/stefano/ros2_ws/src/kuka_moveit2_spike/install/kuka_moveit2_spike/share/kuka_moveit2_spike/hook/cmake_prefix_path.dsv'
[2.075s] INFO:colcon.colcon_core.shell:Creating environment hook '/home/stefano/ros2_ws/src/kuka_moveit2_spike/install/kuka_moveit2_spike/share/kuka_moveit2_spike/hook/cmake_prefix_path.sh'
[2.075s] Level 1:colcon.colcon_core.environment:checking '/home/stefano/ros2_ws/src/kuka_moveit2_spike/install/kuka_moveit2_spike/bin'
[2.075s] Level 1:colcon.colcon_core.environment:checking '/home/stefano/ros2_ws/src/kuka_moveit2_spike/install/kuka_moveit2_spike/lib/pkgconfig/kuka_moveit2_spike.pc'
[2.076s] Level 1:colcon.colcon_core.environment:checking '/home/stefano/ros2_ws/src/kuka_moveit2_spike/install/kuka_moveit2_spike/lib/python3.10/site-packages'
[2.076s] Level 1:colcon.colcon_core.environment:checking '/home/stefano/ros2_ws/src/kuka_moveit2_spike/install/kuka_moveit2_spike/bin'
[2.076s] INFO:colcon.colcon_core.shell:Creating package script '/home/stefano/ros2_ws/src/kuka_moveit2_spike/install/kuka_moveit2_spike/share/kuka_moveit2_spike/package.ps1'
[2.077s] INFO:colcon.colcon_core.shell:Creating package descriptor '/home/stefano/ros2_ws/src/kuka_moveit2_spike/install/kuka_moveit2_spike/share/kuka_moveit2_spike/package.dsv'
[2.077s] INFO:colcon.colcon_core.shell:Creating package script '/home/stefano/ros2_ws/src/kuka_moveit2_spike/install/kuka_moveit2_spike/share/kuka_moveit2_spike/package.sh'
[2.078s] INFO:colcon.colcon_core.shell:Creating package script '/home/stefano/ros2_ws/src/kuka_moveit2_spike/install/kuka_moveit2_spike/share/kuka_moveit2_spike/package.bash'
[2.079s] INFO:colcon.colcon_core.shell:Creating package script '/home/stefano/ros2_ws/src/kuka_moveit2_spike/install/kuka_moveit2_spike/share/kuka_moveit2_spike/package.zsh'
[2.079s] Level 1:colcon.colcon_core.environment:create_file_with_runtime_dependencies(/home/stefano/ros2_ws/src/kuka_moveit2_spike/install/kuka_moveit2_spike/share/colcon-core/packages/kuka_moveit2_spike)
[2.080s] Level 1:colcon.colcon_core.environment:create_environment_scripts_only(kuka_moveit2_spike)
[2.080s] Level 1:colcon.colcon_core.environment:checking '/home/stefano/ros2_ws/src/kuka_moveit2_spike/install/kuka_moveit2_spike' for CMake module files
[2.080s] Level 1:colcon.colcon_core.environment:checking '/home/stefano/ros2_ws/src/kuka_moveit2_spike/install/kuka_moveit2_spike' for CMake config files
[2.081s] Level 1:colcon.colcon_core.shell:create_environment_hook('kuka_moveit2_spike', 'cmake_prefix_path')
[2.081s] INFO:colcon.colcon_core.shell:Creating environment hook '/home/stefano/ros2_ws/src/kuka_moveit2_spike/install/kuka_moveit2_spike/share/kuka_moveit2_spike/hook/cmake_prefix_path.ps1'
[2.081s] INFO:colcon.colcon_core.shell:Creating environment descriptor '/home/stefano/ros2_ws/src/kuka_moveit2_spike/install/kuka_moveit2_spike/share/kuka_moveit2_spike/hook/cmake_prefix_path.dsv'
[2.082s] INFO:colcon.colcon_core.shell:Creating environment hook '/home/stefano/ros2_ws/src/kuka_moveit2_spike/install/kuka_moveit2_spike/share/kuka_moveit2_spike/hook/cmake_prefix_path.sh'
[2.082s] Level 1:colcon.colcon_core.environment:checking '/home/stefano/ros2_ws/src/kuka_moveit2_spike/install/kuka_moveit2_spike/bin'
[2.082s] Level 1:colcon.colcon_core.environment:checking '/home/stefano/ros2_ws/src/kuka_moveit2_spike/install/kuka_moveit2_spike/lib/pkgconfig/kuka_moveit2_spike.pc'
[2.082s] Level 1:colcon.colcon_core.environment:checking '/home/stefano/ros2_ws/src/kuka_moveit2_spike/install/kuka_moveit2_spike/lib/python3.10/site-packages'
[2.083s] Level 1:colcon.colcon_core.environment:checking '/home/stefano/ros2_ws/src/kuka_moveit2_spike/install/kuka_moveit2_spike/bin'
[2.084s] INFO:colcon.colcon_core.shell:Creating package script '/home/stefano/ros2_ws/src/kuka_moveit2_spike/install/kuka_moveit2_spike/share/kuka_moveit2_spike/package.ps1'
[2.086s] INFO:colcon.colcon_core.shell:Creating package descriptor '/home/stefano/ros2_ws/src/kuka_moveit2_spike/install/kuka_moveit2_spike/share/kuka_moveit2_spike/package.dsv'
[2.086s] INFO:colcon.colcon_core.shell:Creating package script '/home/stefano/ros2_ws/src/kuka_moveit2_spike/install/kuka_moveit2_spike/share/kuka_moveit2_spike/package.sh'
[2.087s] INFO:colcon.colcon_core.shell:Creating package script '/home/stefano/ros2_ws/src/kuka_moveit2_spike/install/kuka_moveit2_spike/share/kuka_moveit2_spike/package.bash'
[2.087s] INFO:colcon.colcon_core.shell:Creating package script '/home/stefano/ros2_ws/src/kuka_moveit2_spike/install/kuka_moveit2_spike/share/kuka_moveit2_spike/package.zsh'
[2.088s] Level 1:colcon.colcon_core.environment:create_file_with_runtime_dependencies(/home/stefano/ros2_ws/src/kuka_moveit2_spike/install/kuka_moveit2_spike/share/colcon-core/packages/kuka_moveit2_spike)
[2.088s] DEBUG:colcon.colcon_parallel_executor.executor.parallel:closing loop
[2.088s] DEBUG:colcon.colcon_parallel_executor.executor.parallel:loop closed
[2.088s] DEBUG:colcon.colcon_parallel_executor.executor.parallel:run_until_complete finished with '0'
[2.089s] DEBUG:colcon.colcon_core.event_reactor:joining thread
[2.095s] INFO:colcon.colcon_core.plugin_system:Skipping extension 'colcon_notification.desktop_notification.terminal_notifier': Not used on non-Darwin systems
[2.095s] INFO:colcon.colcon_core.plugin_system:Skipping extension 'colcon_notification.desktop_notification.win32': Not used on non-Windows systems
[2.095s] INFO:colcon.colcon_notification.desktop_notification:Sending desktop notification using 'notify2'
[2.106s] DEBUG:colcon.colcon_core.event_reactor:joined thread
[2.106s] INFO:colcon.colcon_core.shell:Creating prefix script '/home/stefano/ros2_ws/src/kuka_moveit2_spike/install/local_setup.ps1'
[2.107s] INFO:colcon.colcon_core.shell:Creating prefix util module '/home/stefano/ros2_ws/src/kuka_moveit2_spike/install/_local_setup_util_ps1.py'
[2.108s] INFO:colcon.colcon_core.shell:Creating prefix chain script '/home/stefano/ros2_ws/src/kuka_moveit2_spike/install/setup.ps1'
[2.109s] INFO:colcon.colcon_core.shell:Creating prefix script '/home/stefano/ros2_ws/src/kuka_moveit2_spike/install/local_setup.sh'
[2.110s] INFO:colcon.colcon_core.shell:Creating prefix util module '/home/stefano/ros2_ws/src/kuka_moveit2_spike/install/_local_setup_util_sh.py'
[2.110s] INFO:colcon.colcon_core.shell:Creating prefix chain script '/home/stefano/ros2_ws/src/kuka_moveit2_spike/install/setup.sh'
[2.111s] INFO:colcon.colcon_core.shell:Creating prefix script '/home/stefano/ros2_ws/src/kuka_moveit2_spike/install/local_setup.bash'
[2.112s] INFO:colcon.colcon_core.shell:Creating prefix chain script '/home/stefano/ros2_ws/src/kuka_moveit2_spike/install/setup.bash'
[2.113s] INFO:colcon.colcon_core.shell:Creating prefix script '/home/stefano/ros2_ws/src/kuka_moveit2_spike/install/local_setup.zsh'
[2.113s] INFO:colcon.colcon_core.shell:Creating prefix chain script '/home/stefano/ros2_ws/src/kuka_moveit2_spike/install/setup.zsh'
